
######## coderabbit ########
keycloak-37429: 3/5
sentry-95633: 0/2
calcom-22532: 3/4
grafana-80329: 1/2
sentry-80168: 1/3
sentry-80528: 1/2
grafana-76186: 1/3
grafana-103633: 1/3
grafana-79265: 4/5
calcom-22345: 0/2
calcom-10967: 6/6
calcom-10600: 1/5
calcom-8087: 2/2
=== coderabbit TOTAL: 24/44 = 54.545% ===

######## greptile-v5 ########
keycloak-37429: 3/5
sentry-95633: 0/2
calcom-22532: 2/4
grafana-80329: 2/2
sentry-80168: 2/3
sentry-80528: 0/2
grafana-76186: 1/3
grafana-103633: 3/3
grafana-79265: 3/5
calcom-22345: 0/2
calcom-10967: 3/6
calcom-10600: 2/5
calcom-8087: 2/2
=== greptile-v5 TOTAL: 23/44 = 52.273% ===

######## qodo-v2-2 ########
keycloak-37429: 0/5
sentry-95633: 0/2
calcom-22532: 2/4
grafana-80329: 2/2
sentry-80168: 1/3
sentry-80528: 1/2
grafana-76186: 0/3
grafana-103633: 1/3
grafana-79265: 3/5
calcom-22345: 0/2
calcom-10967: 4/6
calcom-10600: 0/5
calcom-8087: 1/2
=== qodo-v2-2 TOTAL: 15/44 = 34.091% ===

ALL DONE
