scoring keycloak-37429...
scoring sentry-95633...
scoring calcom-22532...
scoring grafana-80329...
scoring sentry-80168...
scoring sentry-80528...
done sentry-80528: aletheore=0/0, pr_agent=0/0, greptile=0/0
scoring grafana-76186...
scoring grafana-103633...
scoring grafana-79265...
scoring calcom-22345...
scoring calcom-10967...
scoring calcom-10600...
scoring calcom-8087...
scoring keycloak-41249...
done keycloak-37429: aletheore=4/6, pr_agent=3/6, greptile=4/6
done sentry-95633: aletheore=2/6, pr_agent=1/6, greptile=0/6
done calcom-22532: aletheore=9/25, pr_agent=8/25, greptile=2/25
done grafana-80329: aletheore=2/8, pr_agent=0/8, greptile=3/8
done sentry-80168: aletheore=1/5, pr_agent=0/5, greptile=1/5
done grafana-76186: aletheore=7/9, pr_agent=4/9, greptile=1/9
done grafana-103633: aletheore=5/5, pr_agent=1/5, greptile=0/5
done grafana-79265: aletheore=7/11, pr_agent=2/11, greptile=5/11
done calcom-22345: aletheore=1/16, pr_agent=3/16, greptile=3/16
done calcom-10967: aletheore=33/53, pr_agent=19/53, greptile=26/53
done calcom-10600: aletheore=13/49, pr_agent=5/49, greptile=11/49
done calcom-8087: aletheore=21/22, pr_agent=20/22, greptile=2/22
done keycloak-41249: aletheore=0/4, pr_agent=3/4, greptile=0/4

=== SUMMARY (14 clean cases, softened confidence gate) ===
aletheore: 105/219 golden findings caught (47.9%)
pr_agent: 69/219 golden findings caught (31.5%)
greptile: 58/219 golden findings caught (26.5%)
